============================================================
 SEIZURE-PREDICTION PIPELINE  ·  Siena Scalp EEG
============================================================
    loaded PN00-1.edf  (seizures=1)
    loaded PN00-2.edf  (seizures=1)
    loaded PN00-3.edf  (seizures=1)
    loaded PN00-4.edf  (seizures=1)
    loaded PN00-5.edf  (seizures=1)
    loaded PN01-1.edf  (seizures=2)
    loaded PN03-1.edf  (seizures=1)
    loaded PN03-2.edf  (seizures=1)
    -> 15 segments · 29 common channels


[2] Preprocess  (notch 50 Hz · bandpass 0.5–70 · bad-chan interp · CAR)
  [PN00] bads=— interp=none
  [PN00] bads=— interp=none
  [PN00] bads=['O1'] interp=mne_spline
  [PN00] bads=— interp=none
  [PN00] bads=— interp=none
  [PN01] bads=— interp=none
  [PN01] bads=['F8'] interp=mne_spline
  [PN01] bads=['F8'] interp=mne_spline
  [PN01] bads=['F8', 'T4'] interp=mne_spline
  [PN03] bads=['Fc1', 'Fc2', 'Fp1', 'Fz', 'O2', 'T6'] interp=mne_spline
  [PN03] bads=['C3', 'Fc2', 'Fz', 'O2', 'T6'] interp=mne_spline
  [PN03] bads=['C3', 'Fc2', 'Fz', 'O2', 'T6'] interp=mne_spline
  [PN03] bads=['Fc6', 'Fp2', 'T3'] interp=mne_spline
  [PN03] bads=['T3'] interp=mne_spline
  [PN03] bads=['T6'] interp=mne_spline

[3] Quality control
subject  n_channels  duration_min  snr_db_median  snr_db_min  flat_channels  clipping_channels  peak_uv_max  pass     interp
   PN00          29          35.2          53.74       46.85              0                  0       1288.9  True       none
   PN00          29          36.2          53.09       43.52              0                  0        642.6  True       none
   PN00          29          41.8          49.81       44.72              0                  0        903.8  True mne_spline
   PN00          29          33.0          53.42       43.80              0                  0       1544.6  True       none
   PN00          29          31.2          53.80       44.28              0                  0        385.1  True       none
   PN01          29          51.9          57.83       52.83              0                  0        758.0  True       none
   PN01          29          52.2          55.84       50.18              0                  0       1249.7  True mne_spline
   PN01          29          30.0          54.03       48.01              0                  0        524.4  True mne_spline
   PN01          29          10.0          54.83       50.74              0                  0        532.6  True mne_spline
   PN03          29          52.9          53.18       45.36              0                  0       5082.1  True mne_spline
   PN03          29          30.0          45.84       41.38              0                  0       2941.9  True mne_spline
   PN03          29          10.0          49.36       42.58              0                  0       1702.2  True mne_spline
   PN03          29          53.2          53.25       45.82              0                  0       5154.0  True mne_spline
   PN03          29          30.0          50.12       41.24              0                  0       3346.1  True mne_spline
   PN03          29          10.0          52.10       44.15              0                  0        621.6  True mne_spline

[4] Feature extraction + labelling (preictal vs interictal)
  [PN00] preictal= 169 interictal=   0  seizures=1
  [PN00] preictal= 184 interictal=   0  seizures=1
  [PN00] preictal=  93 interictal=   0  seizures=1
  [PN00] preictal= 142 interictal=   0  seizures=1
  [PN00] preictal= 121 interictal=   0  seizures=1
  [PN01] preictal= 360 interictal=   0  seizures=1
  [PN01] preictal= 360 interictal=   0  seizures=1
  [PN01] preictal=   0 interictal= 360  seizures=0
  [PN01] preictal=   0 interictal= 120  seizures=0
  [PN03] preictal= 360 interictal=   0  seizures=1
  [PN03] preictal=   0 interictal= 360  seizures=0
  [PN03] preictal=   0 interictal= 120  seizures=0
  [PN03] preictal= 360 interictal=   0  seizures=1
  [PN03] preictal=   0 interictal= 360  seizures=0
  [PN03] preictal=   0 interictal= 120  seizures=0

    X = (3589, 580)  ·  features/epoch = 580  ·  positives(preictal) = 2149/3589  ·  subjects = 3

[5] Classical ML  —  subject-grouped cross-validation

model         AUC   Sens   Spec     F1  (GroupKFold, 3 folds)
----------------------------------------------
logreg      0.652  0.859  0.234  0.740
rf          0.641  0.879  0.122  0.735
svm_rbf     0.621  0.832  0.118  0.701

saved -> /Users/ayeshafatima/Downloads/Data Export/Seizure-Prediction-EEG/outputs/cv_results.json

DONE. Artifacts in ./outputs/  (next phase: PyTorch temporal CNN — see README).
